// Jest Snapshot v1, https://goo.gl/fbAQLP

exports[`should render Add Expense Page 1`] = `
<div>
  <h1>
     Add Expense 
  </h1>
  <ExpenseForm
    expense={Object {}}
    onSubmit={[Function]}
  />
</div>
`;
