// Jest Snapshot v1, https://goo.gl/fbAQLP

exports[`should render Edit Expense page 1`] = `
<div>
  <div
    className="page-header"
  >
    <div
      className="content-container"
    >
      <h1
        className="page-header__title"
      >
        Update Expense
      </h1>
    </div>
  </div>
  <div
    className="content-container"
  >
    <ExpenseForm
      expense={
        Object {
          "amount": 43500,
          "createdAt": -432000000,
          "description": "Car Rental",
          "id": "1",
          "notes": "",
        }
      }
      onRemove={[Function]}
      onSubmit={[Function]}
    />
  </div>
</div>
`;
